Count = 5
[0] = 1
[1] = 2
[2] = 4
[3] = 10
[4] = 42
